
> technologyadoptionbarriers-org@0.1.0 test
> jest __tests__/lib/google-analytics.test.ts

  console.warn
    Google Analytics credentials not fully configured. API calls will fail.

    [0m [90m 20 |[39m
     [90m 21 |[39m         [36mif[39m ([33m![39memail [33m||[39m [33m![39mprivateKey [33m||[39m [33m![39mpropertyId) {
    [31m[1m>[22m[39m[90m 22 |[39m             console[33m.[39mwarn(
     [90m    |[39m                     [31m[1m^[22m[39m
     [90m 23 |[39m                 [32m'Google Analytics credentials not fully configured. API calls will fail.'[39m
     [90m 24 |[39m             )
     [90m 25 |[39m         }[0m

      at new warn (src/lib/google-analytics.ts:22:21)
      at Object.<anonymous> (src/lib/google-analytics.ts:72:25)
      at Object.<anonymous> (__tests__/lib/google-analytics.test.ts:7:26)

  console.warn
    Google Analytics credentials not fully configured. API calls will fail.

    [0m [90m 20 |[39m
     [90m 21 |[39m         [36mif[39m ([33m![39memail [33m||[39m [33m![39mprivateKey [33m||[39m [33m![39mpropertyId) {
    [31m[1m>[22m[39m[90m 22 |[39m             console[33m.[39mwarn(
     [90m    |[39m                     [31m[1m^[22m[39m
     [90m 23 |[39m                 [32m'Google Analytics credentials not fully configured. API calls will fail.'[39m
     [90m 24 |[39m             )
     [90m 25 |[39m         }[0m

      at new warn (src/lib/google-analytics.ts:22:21)
      at Object.<anonymous> (__tests__/lib/google-analytics.test.ts:55:24)

node.exe : FAIL __tests__/lib/google-analytics.test.ts
At line:1 char:1
+ & "C:\Program Files\nodejs/node.exe" "C:\Program 
Files\nodejs/node_mo ...
+ ~~~~~~~~~~~~~~~~~~~~~~~~~~~~~~~~~~~~~~~~~~~~~~~~~~~~~~~~
~~~~~~~~~~~~~
    + CategoryInfo          : NotSpecified: (FAIL __tests 
   __/...alytics.test.ts:String) [], RemoteException
    + FullyQualifiedErrorId : NativeCommandError
 
  GoogleAnalyticsClient
    ΓêÜ should initialize with correct credentials (5 ms)
    ├ù should run a report with default options (6 ms)
    ΓêÜ should throw an error if property ID is missing 
(9 ms)

  ΓùÅ GoogleAnalyticsClient ΓÇ║ should run a report with 
default options

    expect(jest.fn()).toHaveBeenCalledWith(...expected)

    - Expected
    + Received

    @@ -6,10 +6,12 @@
          },
        ],
        "dimensions": Array [],
        "metrics": Array [
          Object {
    +       "name": Object {
              "name": "activeUsers",
    +       },
          },
        ],
        "property": "properties/123456789",
      },

    Number of calls: 1

    [0m [90m 43 |[39m         [36mawait[39m 
client[33m.[39mrunReport()
     [90m 44 |[39m
    [31m[1m>[22m[39m[90m 45 |[39m         
expect(mockRunReport)[33m.[39mtoHaveBeenCalledWith({
     [90m    |[39m                               
[31m[1m^[22m[39m
     [90m 46 |[39m             property[33m:[39m 
[32m'properties/123456789'[39m[33m,[39m
     [90m 47 |[39m             dateRanges[33m:[39m [{ 
startDate[33m:[39m [32m'28daysAgo'[39m[33m,[39m 
endDate[33m:[39m [32m'today'[39m }][33m,[39m
     [90m 48 |[39m             dimensions[33m:[39m 
[][33m,[39m[0m

      at Object.toHaveBeenCalledWith 
(__tests__/lib/google-analytics.test.ts:45:31)

Test Suites: 1 failed, 1 total
Tests:       1 failed, 2 passed, 3 total
Snapshots:   0 total
Time:        1.289 s
Ran all test suites matching 
__tests__/lib/google-analytics.test.ts.
